// Jest Snapshot v1, https://goo.gl/fbAQLP

exports[`ButtonGroupField renders correctly 1`] = `
<div
  className="app-ButtonGroupField"
>
  <FormGroup
    bsClass="form-group"
    controlId="buttonGroupField-foo"
  >
    <ControlLabel
      bsClass="control-label"
      className="app-ButtonGroupField__label"
      srOnly={false}
    >
      foo
    </ControlLabel>
    <Uncontrolled(ToggleButtonGroup)
      className="app-ButtonGroupField__buttons"
      onChange={[MockFunction]}
      type="checkbox"
      value="foo"
    >
      <ToggleButton
        className="app-ButtonGroupField__button"
        key="foo-button-foo"
        value="foo"
      >
        Foo
      </ToggleButton>
      <ToggleButton
        className="app-ButtonGroupField__button"
        key="foo-button-bar"
        value="bar"
      >
        Bar
      </ToggleButton>
    </Uncontrolled(ToggleButtonGroup)>
  </FormGroup>
</div>
`;
