// Jest Snapshot v1, https://goo.gl/fbAQLP

exports[`DateField renders correctly 1`] = `
<div
  className="app-DateField"
>
  <FormGroup
    bsClass="form-group"
    onClick={[Function]}
  >
    <ControlLabel
      bsClass="control-label"
      className="app-DateField__label"
      srOnly={false}
    >
      foo
    </ControlLabel>
    <InputGroup
      bsClass="input-group"
    >
      <InputGroupAddon
        bsClass="input-group-addon"
        className="app-DateField__input"
      >
        <img
          alt=""
          className="app-DateField__icon"
          src="test-file-stub"
        />
        <span
          className="value"
        >
          09.09.2019
        </span>
      </InputGroupAddon>
      <InputGroupAddon
        bsClass="input-group-addon"
        className="app-DateField__triangle"
      >
        <Glyphicon
          bsClass="glyphicon"
          glyph="triangle-bottom"
        />
      </InputGroupAddon>
    </InputGroup>
  </FormGroup>
  <Overlay
    animation={false}
    container={
      DateFilter {
        "context": Object {},
        "onChange": [Function],
        "props": Object {
          "id": "foo",
          "intl": Object {
            "defaultFormats": Object {},
            "defaultLocale": "en",
            "formatDate": [Function],
            "formatHTMLMessage": [Function],
            "formatMessage": [Function],
            "formatNumber": [Function],
            "formatPlural": [Function],
            "formatRelative": [Function],
            "formatTime": [Function],
            "formats": Object {},
            "formatters": Object {
              "getDateTimeFormat": [Function],
              "getMessageFormat": [Function],
              "getNumberFormat": [Function],
              "getPluralFormat": [Function],
              "getRelativeFormat": [Function],
            },
            "locale": "en",
            "messages": Object {
              "AboutPage.title": "AboutPage.title",
              "AboutPageContent.basedOnParagraph": "AboutPageContent.basedOnParagraph",
              "AboutPageContent.customerRegisterHeader": "AboutPageContent.customerRegisterHeader",
              "AboutPageContent.customerRegisterLink": "AboutPageContent.customerRegisterLink",
              "AboutPageContent.customerRegisterParagraph": "AboutPageContent.customerRegisterParagraph",
              "AboutPageContent.defaultHeader": "AboutPageContent.defaultHeader",
              "AboutPageContent.defaultLead": "AboutPageContent.defaultLead",
              "AboutPageContent.defaultReservableParagraph": "AboutPageContent.defaultReservableParagraph",
              "AboutPageContent.developmentParagraph": "AboutPageContent.developmentParagraph",
              "AboutPageContent.espooHeader": "AboutPageContent.espooHeader",
              "AboutPageContent.espooLead": "AboutPageContent.espooLead",
              "AboutPageContent.espooPartnersHeader": "AboutPageContent.espooPartnersHeader",
              "AboutPageContent.espooReservableParagraph": "AboutPageContent.espooReservableParagraph",
              "AboutPageContent.feedbackLink": "AboutPageContent.feedbackLink",
              "AboutPageContent.feedbackParagraph": "AboutPageContent.feedbackParagraph",
              "AboutPageContent.goalParagraph": "AboutPageContent.goalParagraph",
              "AboutPageContent.pilotParagraph": "AboutPageContent.pilotParagraph",
              "AboutPageContent.vantaaHeader": "AboutPageContent.vantaaHeader",
              "AboutPageContent.vantaaLead": "AboutPageContent.vantaaLead",
              "AboutPageContent.vantaaPartnersHeader": "AboutPageContent.vantaaPartnersHeader",
              "AboutPageContent.vantaaReservableParagraph": "AboutPageContent.vantaaReservableParagraph",
              "AboutPartners.aikaLogoAlt": "AboutPartners.aikaLogoAlt",
              "AboutPartners.eakrLogoAlt": "AboutPartners.eakrLogoAlt",
              "AboutPartners.euVipuvoimaaLogoAlt": "AboutPartners.euVipuvoimaaLogoAlt",
              "AdminReservationFilters.header": "AdminReservationFilters.header",
              "AdminResourcesPage.adminTitle": "AdminResourcesPage.adminTitle",
              "AdminResourcesPage.favoriteTitle": "AdminResourcesPage.favoriteTitle",
              "AdminResourcesPage.noResourcesMessage": "AdminResourcesPage.noResourcesMessage",
              "AdminResourcesPage.noRightsMessage": "AdminResourcesPage.noRightsMessage",
              "AvailabilityViewDateSelector.nextDay": "AvailabilityViewDateSelector.nextDay",
              "AvailabilityViewDateSelector.previousDay": "AvailabilityViewDateSelector.previousDay",
              "CommentForm.label": "CommentForm.label",
              "CommentForm.placeholder": "CommentForm.placeholder",
              "CommentModal.title": "CommentModal.title",
              "ConfirmReservationModal.beforeText": "ConfirmReservationModal.beforeText",
              "ConfirmReservationModal.editTitle": "ConfirmReservationModal.editTitle",
              "ConfirmReservationModal.formInfo": "ConfirmReservationModal.formInfo",
              "ConfirmReservationModal.preliminaryReservationText": "ConfirmReservationModal.preliminaryReservationText",
              "ConfirmReservationModal.preliminaryReservationTitle": "ConfirmReservationModal.preliminaryReservationTitle",
              "ConfirmReservationModal.priceInfo": "ConfirmReservationModal.priceInfo",
              "ConfirmReservationModal.regularReservationText": "ConfirmReservationModal.regularReservationText",
              "ConfirmReservationModal.regularReservationTitle": "ConfirmReservationModal.regularReservationTitle",
              "DatePickerControl.buttonLabel": "DatePickerControl.buttonLabel",
              "DatePickerControl.header": "DatePickerControl.header",
              "DatePickerControl.label": "DatePickerControl.label",
              "Footer.espooText": "Footer.espooText",
              "Footer.feedbackLink": "Footer.feedbackLink",
              "Footer.helsinkiText": "Footer.helsinkiText",
              "Footer.vantaaText": "Footer.vantaaText",
              "HomePage.bannersTitle": "HomePage.bannersTitle",
              "HomePage.buttonText": "HomePage.buttonText",
              "HomePage.contentSubTitle": "HomePage.contentSubTitle",
              "HomePage.contentTitle": "HomePage.contentTitle",
              "HomePage.title": "HomePage.title",
              "HomeSearchBox.buttonText": "HomeSearchBox.buttonText",
              "HomeSearchBox.searchPlaceholder": "HomeSearchBox.searchPlaceholder",
              "Logo.espooAlt": "Logo.espooAlt",
              "Logo.helsinkiAlt": "Logo.helsinkiAlt",
              "Logo.vantaaAlt": "Logo.vantaaAlt",
              "ManageReservationsFilters.endDateLabel": "ManageReservationsFilters.endDateLabel",
              "ManageReservationsFilters.endDatePlaceholder": "ManageReservationsFilters.endDatePlaceholder",
              "ManageReservationsFilters.resetButton": "ManageReservationsFilters.resetButton",
              "ManageReservationsFilters.searchLabel": "ManageReservationsFilters.searchLabel",
              "ManageReservationsFilters.searchPlaceholder": "ManageReservationsFilters.searchPlaceholder",
              "ManageReservationsFilters.startDateLabel": "ManageReservationsFilters.startDateLabel",
              "ManageReservationsFilters.startDatePlaceholder": "ManageReservationsFilters.startDatePlaceholder",
              "ManageReservationsFilters.statusLabel": "ManageReservationsFilters.statusLabel",
              "ManageReservationsFilters.unitLabel": "ManageReservationsFilters.unitLabel",
              "ManageReservationsList.actionLabel.approve": "ManageReservationsList.actionLabel.approve",
              "ManageReservationsList.actionLabel.cancel": "ManageReservationsList.actionLabel.cancel",
              "ManageReservationsList.actionLabel.deny": "ManageReservationsList.actionLabel.deny",
              "ManageReservationsList.actionLabel.edit": "ManageReservationsList.actionLabel.edit",
              "ManageReservationsList.actionLabel.information": "ManageReservationsList.actionLabel.information",
              "ManageReservationsList.actionsHeader": "ManageReservationsList.actionsHeader",
              "ManageReservationsList.dateAndTimeHeader": "ManageReservationsList.dateAndTimeHeader",
              "ManageReservationsList.emailHeader": "ManageReservationsList.emailHeader",
              "ManageReservationsList.locationHeader": "ManageReservationsList.locationHeader",
              "ManageReservationsList.nameHeader": "ManageReservationsList.nameHeader",
              "ManageReservationsList.pinHeader": "ManageReservationsList.pinHeader",
              "ManageReservationsList.resourceHeader": "ManageReservationsList.resourceHeader",
              "ManageReservationsList.statusHeader": "ManageReservationsList.statusHeader",
              "ManageReservationsList.subjectHeader": "ManageReservationsList.subjectHeader",
              "ManageReservationsPage.title": "ManageReservationsPage.title",
              "MapToggle.noResultsText": "MapToggle.noResultsText",
              "MapToggle.resultsText": "MapToggle.resultsText",
              "MapToggle.showList": "MapToggle.showList",
              "MapToggle.showMap": "MapToggle.showMap",
              "MiniModal.buttonText": "MiniModal.buttonText",
              "Navbar.aboutLink": "Navbar.aboutLink",
              "Navbar.adminGuide": "Navbar.adminGuide",
              "Navbar.adminMaintenance": "Navbar.adminMaintenance",
              "Navbar.adminResources": "Navbar.adminResources",
              "Navbar.header": "Navbar.header",
              "Navbar.homeLink": "Navbar.homeLink",
              "Navbar.language-english": "Navbar.language-english",
              "Navbar.language-finnish": "Navbar.language-finnish",
              "Navbar.language-swedish": "Navbar.language-swedish",
              "Navbar.login": "Navbar.login",
              "Navbar.logout": "Navbar.logout",
              "Navbar.manageReservations": "Navbar.manageReservations",
              "Navbar.search": "Navbar.search",
              "Navbar.userFavorites": "Navbar.userFavorites",
              "Navbar.userResources": "Navbar.userResources",
              "NotFoundPage.checkAddress": "NotFoundPage.checkAddress",
              "NotFoundPage.contactUs": "NotFoundPage.contactUs",
              "NotFoundPage.helpHeader": "NotFoundPage.helpHeader",
              "NotFoundPage.lead": "NotFoundPage.lead",
              "NotFoundPage.searchPage": "NotFoundPage.searchPage",
              "NotFoundPage.searchPageLink": "NotFoundPage.searchPageLink",
              "NotFoundPage.title": "NotFoundPage.title",
              "Notifications.errorMessage": "Notifications.errorMessage",
              "Notifications.loginMessage": "Notifications.loginMessage",
              "Notifications.loginToReserve": "Notifications.loginToReserve",
              "Notifications.reservationDeleteSuccessMessage": "Notifications.reservationDeleteSuccessMessage",
              "Notifications.reservationUpdateSuccessMessage": "Notifications.reservationUpdateSuccessMessage",
              "Notifications.selectTimeToReserve": "Notifications.selectTimeToReserve",
              "Notifications.selectTimeToReserve.warning": "Notifications.selectTimeToReserve.warning",
              "Partners.kaupunginkirjatoImageAlt": "Partners.kaupunginkirjatoImageAlt",
              "Partners.nuorisoasiainkeskusImageAlt": "Partners.nuorisoasiainkeskusImageAlt",
              "Partners.varhaiskasvatusvirastoImageAlt": "Partners.varhaiskasvatusvirastoImageAlt",
              "PeopleCapacityControl.buttonLabel": "PeopleCapacityControl.buttonLabel",
              "PeopleCapacityControl.header": "PeopleCapacityControl.header",
              "PositionControl.buttonLabel": "PositionControl.buttonLabel",
              "PositionControl.geolocationOff": "PositionControl.geolocationOff",
              "PositionControl.header": "PositionControl.header",
              "PositionControl.maxDistance": "PositionControl.maxDistance",
              "PositionControl.noDistanceLimit": "PositionControl.noDistanceLimit",
              "PositionControl.useDistance": "PositionControl.useDistance",
              "PurposeControl.buttonLabel": "PurposeControl.buttonLabel",
              "PurposeControl.label": "PurposeControl.label",
              "RecurringReservationControls.frequencyDaily": "RecurringReservationControls.frequencyDaily",
              "RecurringReservationControls.frequencyLabel": "RecurringReservationControls.frequencyLabel",
              "RecurringReservationControls.frequencyMonthly": "RecurringReservationControls.frequencyMonthly",
              "RecurringReservationControls.frequencyNone": "RecurringReservationControls.frequencyNone",
              "RecurringReservationControls.frequencyWeekly": "RecurringReservationControls.frequencyWeekly",
              "RecurringReservationControls.lastTimeLabel": "RecurringReservationControls.lastTimeLabel",
              "RecurringReservationControls.numberOfOccurrencesLabel": "RecurringReservationControls.numberOfOccurrencesLabel",
              "Reservation.stateLabelCancelled": "Reservation.stateLabelCancelled",
              "Reservation.stateLabelConfirmed": "Reservation.stateLabelConfirmed",
              "Reservation.stateLabelDenied": "Reservation.stateLabelDenied",
              "Reservation.stateLabelRequested": "Reservation.stateLabelRequested",
              "ReservationAccessCode.defaultText": "ReservationAccessCode.defaultText",
              "ReservationAccessCode.pending": "ReservationAccessCode.pending",
              "ReservationCalendar.selectedTime.infoText": "ReservationCalendar.selectedTime.infoText",
              "ReservationCalendarPickerLegend.booked": "ReservationCalendarPickerLegend.booked",
              "ReservationCalendarPickerLegend.busy": "ReservationCalendarPickerLegend.busy",
              "ReservationCalendarPickerLegend.free": "ReservationCalendarPickerLegend.free",
              "ReservationCancelModal.cancelAllowedCancel": "ReservationCancelModal.cancelAllowedCancel",
              "ReservationCancelModal.cancelAllowedConfirm": "ReservationCancelModal.cancelAllowedConfirm",
              "ReservationCancelModal.cancelAllowedTitle": "ReservationCancelModal.cancelAllowedTitle",
              "ReservationCancelModal.cancelNotAllowedInfo": "ReservationCancelModal.cancelNotAllowedInfo",
              "ReservationCancelModal.cancelNotAllowedTitle": "ReservationCancelModal.cancelNotAllowedTitle",
              "ReservationCancelModal.lead": "ReservationCancelModal.lead",
              "ReservationCancelModal.takeIntoAccount": "ReservationCancelModal.takeIntoAccount",
              "ReservationConfirmation.confirmationText": "ReservationConfirmation.confirmationText",
              "ReservationConfirmation.feedbackText": "ReservationConfirmation.feedbackText",
              "ReservationConfirmation.ownReservationButton": "ReservationConfirmation.ownReservationButton",
              "ReservationConfirmation.reservationCreatedTitle": "ReservationConfirmation.reservationCreatedTitle",
              "ReservationConfirmation.reservationDetailsTitle": "ReservationConfirmation.reservationDetailsTitle",
              "ReservationConfirmation.reservationEditedTitle": "ReservationConfirmation.reservationEditedTitle",
              "ReservationConfirmation.resourceButton": "ReservationConfirmation.resourceButton",
              "ReservationControls.cancel": "ReservationControls.cancel",
              "ReservationControls.confirm": "ReservationControls.confirm",
              "ReservationControls.deny": "ReservationControls.deny",
              "ReservationControls.edit": "ReservationControls.edit",
              "ReservationControls.info": "ReservationControls.info",
              "ReservationEditForm.cancelEdit": "ReservationEditForm.cancelEdit",
              "ReservationEditForm.saveChanges": "ReservationEditForm.saveChanges",
              "ReservationEditForm.startEdit": "ReservationEditForm.startEdit",
              "ReservationForm.cancel": "ReservationForm.cancel",
              "ReservationForm.emailError": "ReservationForm.emailError",
              "ReservationForm.eventSubjectInfo": "ReservationForm.eventSubjectInfo",
              "ReservationForm.maxLengthError": "ReservationForm.maxLengthError",
              "ReservationForm.requiredError": "ReservationForm.requiredError",
              "ReservationForm.staffEventHelp": "ReservationForm.staffEventHelp",
              "ReservationForm.staffEventLabel": "ReservationForm.staffEventLabel",
              "ReservationForm.termsAndConditionsError": "ReservationForm.termsAndConditionsError",
              "ReservationForm.termsAndConditionsHeader": "ReservationForm.termsAndConditionsHeader",
              "ReservationForm.termsAndConditionsLabel": "ReservationForm.termsAndConditionsLabel",
              "ReservationInfo.loginMessage": "ReservationInfo.loginMessage",
              "ReservationInfo.maxNumberOfReservations": "ReservationInfo.maxNumberOfReservations",
              "ReservationInfo.reservationEarliestDays": "ReservationInfo.reservationEarliestDays",
              "ReservationInfo.reservationMaxLength": "ReservationInfo.reservationMaxLength",
              "ReservationInfo.reservationMinLength": "ReservationInfo.reservationMinLength",
              "ReservationInfoModal.cancelButton": "ReservationInfoModal.cancelButton",
              "ReservationInfoModal.confirmButton": "ReservationInfoModal.confirmButton",
              "ReservationInfoModal.denyButton": "ReservationInfoModal.denyButton",
              "ReservationInfoModal.saveComment": "ReservationInfoModal.saveComment",
              "ReservationInfoModal.title": "ReservationInfoModal.title",
              "ReservationInformationForm.cancelEdit": "ReservationInformationForm.cancelEdit",
              "ReservationInformationForm.eventInformationTitle": "ReservationInformationForm.eventInformationTitle",
              "ReservationInformationForm.reserverInformationTitle": "ReservationInformationForm.reserverInformationTitle",
              "ReservationInformationForm.termsAndConditionsLabel": "ReservationInformationForm.termsAndConditionsLabel",
              "ReservationInformationForm.termsAndConditionsLink": "ReservationInformationForm.termsAndConditionsLink",
              "ReservationListContainer.emptyMessage": "ReservationListContainer.emptyMessage",
              "ReservationListItem.accessCodeText": "ReservationListItem.accessCodeText",
              "ReservationPage.detailsTime": "ReservationPage.detailsTime",
              "ReservationPage.detailsTitle": "ReservationPage.detailsTitle",
              "ReservationPage.editReservationTitle": "ReservationPage.editReservationTitle",
              "ReservationPage.newReservationTitle": "ReservationPage.newReservationTitle",
              "ReservationPhase.confirmationTitle": "ReservationPhase.confirmationTitle",
              "ReservationPhase.informationTitle": "ReservationPhase.informationTitle",
              "ReservationPhase.timeTitle": "ReservationPhase.timeTitle",
              "ReservationPopover.selectionInfoHeader": "ReservationPopover.selectionInfoHeader",
              "ReservationSuccessModal.emailHelpText": "ReservationSuccessModal.emailHelpText",
              "ReservationSuccessModal.failedReservationsHeader": "ReservationSuccessModal.failedReservationsHeader",
              "ReservationSuccessModal.ownReservationsPageHelpText": "ReservationSuccessModal.ownReservationsPageHelpText",
              "ReservationSuccessModal.preliminaryReservationInfo": "ReservationSuccessModal.preliminaryReservationInfo",
              "ReservationSuccessModal.preliminaryReservationLead": "ReservationSuccessModal.preliminaryReservationLead",
              "ReservationSuccessModal.preliminaryReservationTitle": "ReservationSuccessModal.preliminaryReservationTitle",
              "ReservationSuccessModal.regularReservationLead": "ReservationSuccessModal.regularReservationLead",
              "ReservationSuccessModal.regularReservationTitle": "ReservationSuccessModal.regularReservationTitle",
              "ReservationSuccessModal.reservationAccessCodeText": "ReservationSuccessModal.reservationAccessCodeText",
              "ReservationTermsModal.resourceTermsSubTitle": "ReservationTermsModal.resourceTermsSubTitle",
              "ReservationTermsModal.resourceTermsTitle": "ReservationTermsModal.resourceTermsTitle",
              "ReservingRestrictedText.reservationAvailableBetween": "ReservingRestrictedText.reservationAvailableBetween",
              "ReservingRestrictedText.reservationRestricted": "ReservingRestrictedText.reservationRestricted",
              "ResourceAvailability.available": "ResourceAvailability.available",
              "ResourceAvailability.availableAt": "ResourceAvailability.availableAt",
              "ResourceAvailability.availableTime": "ResourceAvailability.availableTime",
              "ResourceAvailability.closed": "ResourceAvailability.closed",
              "ResourceAvailability.reserved": "ResourceAvailability.reserved",
              "ResourceAvailability.reservingRestricted": "ResourceAvailability.reservingRestricted",
              "ResourceCard.peopleCapacity": "ResourceCard.peopleCapacity",
              "ResourceEquipment.headingText": "ResourceEquipment.headingText",
              "ResourceHeader.backButton": "ResourceHeader.backButton",
              "ResourceHeader.favoriteAddButton": "ResourceHeader.favoriteAddButton",
              "ResourceHeader.favoriteRemoveButton": "ResourceHeader.favoriteRemoveButton",
              "ResourceHeader.mapButton": "ResourceHeader.mapButton",
              "ResourceHeader.maxPeriodDays": "ResourceHeader.maxPeriodDays",
              "ResourceHeader.maxPeriodHours": "ResourceHeader.maxPeriodHours",
              "ResourceHeader.minPeriodDays": "ResourceHeader.minPeriodDays",
              "ResourceHeader.minPeriodHours": "ResourceHeader.minPeriodHours",
              "ResourceHeader.resourceButton": "ResourceHeader.resourceButton",
              "ResourceIcons.free": "ResourceIcons.free",
              "ResourceInfo.additionalInfoTitle": "ResourceInfo.additionalInfoTitle",
              "ResourceInfo.equipmentHeader": "ResourceInfo.equipmentHeader",
              "ResourceInfo.loginMessage": "ResourceInfo.loginMessage",
              "ResourceInfo.reservationTitle": "ResourceInfo.reservationTitle",
              "ResourceInfo.reserveTitle": "ResourceInfo.reserveTitle",
              "ResourceInfo.serviceMapLink": "ResourceInfo.serviceMapLink",
              "ResourceInfoContainer.unpublishedLabel": "ResourceInfoContainer.unpublishedLabel",
              "ResourcePage.back": "ResourcePage.back",
              "ResourcePage.reservationStatusHeader": "ResourcePage.reservationStatusHeader",
              "ResourcePage.reserveHeader": "ResourcePage.reserveHeader",
              "ResourcePage.showMap": "ResourcePage.showMap",
              "ResourcePage.specificTerms": "ResourcePage.specificTerms",
              "ResourceReservationCalendar.reserveButton": "ResourceReservationCalendar.reserveButton",
              "ResourceReservationCalendar.selectedDateLabel": "ResourceReservationCalendar.selectedDateLabel",
              "ResourceReservationCalendar.selectedDateValue": "ResourceReservationCalendar.selectedDateValue",
              "ResourceReservationCalendar.selectedDateValueWithPrice": "ResourceReservationCalendar.selectedDateValueWithPrice",
              "ResourceTypeFilter.title": "ResourceTypeFilter.title",
              "SearchBox.buttonText": "SearchBox.buttonText",
              "SearchBox.placeholder": "SearchBox.placeholder",
              "SearchFilters.advancedSearch": "SearchFilters.advancedSearch",
              "SearchFilters.chargeLabel": "SearchFilters.chargeLabel",
              "SearchFilters.dateLabel": "SearchFilters.dateLabel",
              "SearchFilters.municipalityLabel": "SearchFilters.municipalityLabel",
              "SearchFilters.peopleCapacityLabel": "SearchFilters.peopleCapacityLabel",
              "SearchFilters.purposeLabel": "SearchFilters.purposeLabel",
              "SearchFilters.resetButton": "SearchFilters.resetButton",
              "SearchFilters.searchButton": "SearchFilters.searchButton",
              "SearchFilters.searchLabel": "SearchFilters.searchLabel",
              "SearchFilters.title": "SearchFilters.title",
              "SearchFilters.unitLabel": "SearchFilters.unitLabel",
              "SearchPage.emptyMessage": "SearchPage.emptyMessage",
              "SearchPage.title": "SearchPage.title",
              "SearchSort.label": "SearchSort.label",
              "SearchSort.nameLabel": "SearchSort.nameLabel",
              "SearchSort.peopleLabel": "SearchSort.peopleLabel",
              "SearchSort.premiseLabel": "SearchSort.premiseLabel",
              "SearchSort.typeLabel": "SearchSort.typeLabel",
              "SelectControl.noOptions": "SelectControl.noOptions",
              "SelectFilter.noOptionsMessage": "SelectFilter.noOptionsMessage",
              "ShowResourcesLink.text": "ShowResourcesLink.text",
              "TestSiteMessage.text": "TestSiteMessage.text",
              "TimeRangeControl.timeRangeTitle": "TimeRangeControl.timeRangeTitle",
              "TimeRangeControl.title": "TimeRangeControl.title",
              "TimeSlot.available": "TimeSlot.available",
              "TimeSlot.editing": "TimeSlot.editing",
              "TimeSlot.ownReservation": "TimeSlot.ownReservation",
              "TimeSlot.reserved": "TimeSlot.reserved",
              "TimeSlots.closedMessage": "TimeSlots.closedMessage",
              "TimeSlots.comments": "TimeSlots.comments",
              "TimeSlots.controls": "TimeSlots.controls",
              "TimeSlots.maxReservationsPerUser": "TimeSlots.maxReservationsPerUser",
              "TimeSlots.reservations": "TimeSlots.reservations",
              "TimeSlots.reserveButton": "TimeSlots.reserveButton",
              "TimeSlots.reserver": "TimeSlots.reserver",
              "TimeSlots.selectedDate": "TimeSlots.selectedDate",
              "TimeSlots.selectedTime": "TimeSlots.selectedTime",
              "TimeSlots.time": "TimeSlots.time",
              "UserReservationsPage.preliminaryEmptyMessage": "UserReservationsPage.preliminaryEmptyMessage",
              "UserReservationsPage.preliminaryReservationsHeader": "UserReservationsPage.preliminaryReservationsHeader",
              "UserReservationsPage.regularEmptyMessage": "UserReservationsPage.regularEmptyMessage",
              "UserReservationsPage.regularReservationsHeader": "UserReservationsPage.regularReservationsHeader",
              "UserReservationsPage.title": "UserReservationsPage.title",
              "common.accessCodeLabel": "common.accessCodeLabel",
              "common.addressCityLabel": "common.addressCityLabel",
              "common.addressStreetLabel": "common.addressStreetLabel",
              "common.addressZipLabel": "common.addressZipLabel",
              "common.back": "common.back",
              "common.billingAddressLabel": "common.billingAddressLabel",
              "common.cancel": "common.cancel",
              "common.cancelled": "common.cancelled",
              "common.cancelling": "common.cancelling",
              "common.comments": "common.comments",
              "common.commentsLabel": "common.commentsLabel",
              "common.commentsPlaceholder": "common.commentsPlaceholder",
              "common.confirmed": "common.confirmed",
              "common.continue": "common.continue",
              "common.denied": "common.denied",
              "common.eventDescriptionLabel": "common.eventDescriptionLabel",
              "common.eventSubjectLabel": "common.eventSubjectLabel",
              "common.next": "common.next",
              "common.numberOfParticipantsLabel": "common.numberOfParticipantsLabel",
              "common.ok": "common.ok",
              "common.optionsAllLabel": "common.optionsAllLabel",
              "common.previous": "common.previous",
              "common.requested": "common.requested",
              "common.reservationTimeLabel": "common.reservationTimeLabel",
              "common.reserverAddressLabel": "common.reserverAddressLabel",
              "common.reserverEmailAddressLabel": "common.reserverEmailAddressLabel",
              "common.reserverIdLabel": "common.reserverIdLabel",
              "common.reserverNameLabel": "common.reserverNameLabel",
              "common.reserverPhoneNumberLabel": "common.reserverPhoneNumberLabel",
              "common.resourceLabel": "common.resourceLabel",
              "common.save": "common.save",
              "common.saving": "common.saving",
              "common.select": "common.select",
              "common.userEmailLabel": "common.userEmailLabel",
              "common.userNameLabel": "common.userNameLabel",
            },
            "now": [Function],
            "onError": [Function],
            "textComponent": "span",
            "timeZone": null,
          },
          "label": "foo",
          "onChange": [MockFunction],
          "value": 2019-09-08T21:00:00.000Z,
        },
        "refs": Object {},
        "state": Object {
          "isOpen": false,
        },
        "updater": Updater {
          "_callbacks": Array [],
          "_renderer": ReactShallowRenderer {
            "_context": Object {},
            "_currentlyRenderingComponent": null,
            "_didScheduleRenderPhaseUpdate": false,
            "_dispatcher": Object {
              "readContext": [Function],
              "useCallback": [Function],
              "useContext": [Function],
              "useDebugValue": [Function],
              "useEffect": [Function],
              "useImperativeHandle": [Function],
              "useLayoutEffect": [Function],
              "useMemo": [Function],
              "useReducer": [Function],
              "useRef": [Function],
              "useState": [Function],
            },
            "_element": <DateFilter
              id="foo"
              intl={
                Object {
                  "defaultFormats": Object {},
                  "defaultLocale": "en",
                  "formatDate": [Function],
                  "formatHTMLMessage": [Function],
                  "formatMessage": [Function],
                  "formatNumber": [Function],
                  "formatPlural": [Function],
                  "formatRelative": [Function],
                  "formatTime": [Function],
                  "formats": Object {},
                  "formatters": Object {
                    "getDateTimeFormat": [Function],
                    "getMessageFormat": [Function],
                    "getNumberFormat": [Function],
                    "getPluralFormat": [Function],
                    "getRelativeFormat": [Function],
                  },
                  "locale": "en",
                  "messages": Object {
                    "AboutPage.title": "AboutPage.title",
                    "AboutPageContent.basedOnParagraph": "AboutPageContent.basedOnParagraph",
                    "AboutPageContent.customerRegisterHeader": "AboutPageContent.customerRegisterHeader",
                    "AboutPageContent.customerRegisterLink": "AboutPageContent.customerRegisterLink",
                    "AboutPageContent.customerRegisterParagraph": "AboutPageContent.customerRegisterParagraph",
                    "AboutPageContent.defaultHeader": "AboutPageContent.defaultHeader",
                    "AboutPageContent.defaultLead": "AboutPageContent.defaultLead",
                    "AboutPageContent.defaultReservableParagraph": "AboutPageContent.defaultReservableParagraph",
                    "AboutPageContent.developmentParagraph": "AboutPageContent.developmentParagraph",
                    "AboutPageContent.espooHeader": "AboutPageContent.espooHeader",
                    "AboutPageContent.espooLead": "AboutPageContent.espooLead",
                    "AboutPageContent.espooPartnersHeader": "AboutPageContent.espooPartnersHeader",
                    "AboutPageContent.espooReservableParagraph": "AboutPageContent.espooReservableParagraph",
                    "AboutPageContent.feedbackLink": "AboutPageContent.feedbackLink",
                    "AboutPageContent.feedbackParagraph": "AboutPageContent.feedbackParagraph",
                    "AboutPageContent.goalParagraph": "AboutPageContent.goalParagraph",
                    "AboutPageContent.pilotParagraph": "AboutPageContent.pilotParagraph",
                    "AboutPageContent.vantaaHeader": "AboutPageContent.vantaaHeader",
                    "AboutPageContent.vantaaLead": "AboutPageContent.vantaaLead",
                    "AboutPageContent.vantaaPartnersHeader": "AboutPageContent.vantaaPartnersHeader",
                    "AboutPageContent.vantaaReservableParagraph": "AboutPageContent.vantaaReservableParagraph",
                    "AboutPartners.aikaLogoAlt": "AboutPartners.aikaLogoAlt",
                    "AboutPartners.eakrLogoAlt": "AboutPartners.eakrLogoAlt",
                    "AboutPartners.euVipuvoimaaLogoAlt": "AboutPartners.euVipuvoimaaLogoAlt",
                    "AdminReservationFilters.header": "AdminReservationFilters.header",
                    "AdminResourcesPage.adminTitle": "AdminResourcesPage.adminTitle",
                    "AdminResourcesPage.favoriteTitle": "AdminResourcesPage.favoriteTitle",
                    "AdminResourcesPage.noResourcesMessage": "AdminResourcesPage.noResourcesMessage",
                    "AdminResourcesPage.noRightsMessage": "AdminResourcesPage.noRightsMessage",
                    "AvailabilityViewDateSelector.nextDay": "AvailabilityViewDateSelector.nextDay",
                    "AvailabilityViewDateSelector.previousDay": "AvailabilityViewDateSelector.previousDay",
                    "CommentForm.label": "CommentForm.label",
                    "CommentForm.placeholder": "CommentForm.placeholder",
                    "CommentModal.title": "CommentModal.title",
                    "ConfirmReservationModal.beforeText": "ConfirmReservationModal.beforeText",
                    "ConfirmReservationModal.editTitle": "ConfirmReservationModal.editTitle",
                    "ConfirmReservationModal.formInfo": "ConfirmReservationModal.formInfo",
                    "ConfirmReservationModal.preliminaryReservationText": "ConfirmReservationModal.preliminaryReservationText",
                    "ConfirmReservationModal.preliminaryReservationTitle": "ConfirmReservationModal.preliminaryReservationTitle",
                    "ConfirmReservationModal.priceInfo": "ConfirmReservationModal.priceInfo",
                    "ConfirmReservationModal.regularReservationText": "ConfirmReservationModal.regularReservationText",
                    "ConfirmReservationModal.regularReservationTitle": "ConfirmReservationModal.regularReservationTitle",
                    "DatePickerControl.buttonLabel": "DatePickerControl.buttonLabel",
                    "DatePickerControl.header": "DatePickerControl.header",
                    "DatePickerControl.label": "DatePickerControl.label",
                    "Footer.espooText": "Footer.espooText",
                    "Footer.feedbackLink": "Footer.feedbackLink",
                    "Footer.helsinkiText": "Footer.helsinkiText",
                    "Footer.vantaaText": "Footer.vantaaText",
                    "HomePage.bannersTitle": "HomePage.bannersTitle",
                    "HomePage.buttonText": "HomePage.buttonText",
                    "HomePage.contentSubTitle": "HomePage.contentSubTitle",
                    "HomePage.contentTitle": "HomePage.contentTitle",
                    "HomePage.title": "HomePage.title",
                    "HomeSearchBox.buttonText": "HomeSearchBox.buttonText",
                    "HomeSearchBox.searchPlaceholder": "HomeSearchBox.searchPlaceholder",
                    "Logo.espooAlt": "Logo.espooAlt",
                    "Logo.helsinkiAlt": "Logo.helsinkiAlt",
                    "Logo.vantaaAlt": "Logo.vantaaAlt",
                    "ManageReservationsFilters.endDateLabel": "ManageReservationsFilters.endDateLabel",
                    "ManageReservationsFilters.endDatePlaceholder": "ManageReservationsFilters.endDatePlaceholder",
                    "ManageReservationsFilters.resetButton": "ManageReservationsFilters.resetButton",
                    "ManageReservationsFilters.searchLabel": "ManageReservationsFilters.searchLabel",
                    "ManageReservationsFilters.searchPlaceholder": "ManageReservationsFilters.searchPlaceholder",
                    "ManageReservationsFilters.startDateLabel": "ManageReservationsFilters.startDateLabel",
                    "ManageReservationsFilters.startDatePlaceholder": "ManageReservationsFilters.startDatePlaceholder",
                    "ManageReservationsFilters.statusLabel": "ManageReservationsFilters.statusLabel",
                    "ManageReservationsFilters.unitLabel": "ManageReservationsFilters.unitLabel",
                    "ManageReservationsList.actionLabel.approve": "ManageReservationsList.actionLabel.approve",
                    "ManageReservationsList.actionLabel.cancel": "ManageReservationsList.actionLabel.cancel",
                    "ManageReservationsList.actionLabel.deny": "ManageReservationsList.actionLabel.deny",
                    "ManageReservationsList.actionLabel.edit": "ManageReservationsList.actionLabel.edit",
                    "ManageReservationsList.actionLabel.information": "ManageReservationsList.actionLabel.information",
                    "ManageReservationsList.actionsHeader": "ManageReservationsList.actionsHeader",
                    "ManageReservationsList.dateAndTimeHeader": "ManageReservationsList.dateAndTimeHeader",
                    "ManageReservationsList.emailHeader": "ManageReservationsList.emailHeader",
                    "ManageReservationsList.locationHeader": "ManageReservationsList.locationHeader",
                    "ManageReservationsList.nameHeader": "ManageReservationsList.nameHeader",
                    "ManageReservationsList.pinHeader": "ManageReservationsList.pinHeader",
                    "ManageReservationsList.resourceHeader": "ManageReservationsList.resourceHeader",
                    "ManageReservationsList.statusHeader": "ManageReservationsList.statusHeader",
                    "ManageReservationsList.subjectHeader": "ManageReservationsList.subjectHeader",
                    "ManageReservationsPage.title": "ManageReservationsPage.title",
                    "MapToggle.noResultsText": "MapToggle.noResultsText",
                    "MapToggle.resultsText": "MapToggle.resultsText",
                    "MapToggle.showList": "MapToggle.showList",
                    "MapToggle.showMap": "MapToggle.showMap",
                    "MiniModal.buttonText": "MiniModal.buttonText",
                    "Navbar.aboutLink": "Navbar.aboutLink",
                    "Navbar.adminGuide": "Navbar.adminGuide",
                    "Navbar.adminMaintenance": "Navbar.adminMaintenance",
                    "Navbar.adminResources": "Navbar.adminResources",
                    "Navbar.header": "Navbar.header",
                    "Navbar.homeLink": "Navbar.homeLink",
                    "Navbar.language-english": "Navbar.language-english",
                    "Navbar.language-finnish": "Navbar.language-finnish",
                    "Navbar.language-swedish": "Navbar.language-swedish",
                    "Navbar.login": "Navbar.login",
                    "Navbar.logout": "Navbar.logout",
                    "Navbar.manageReservations": "Navbar.manageReservations",
                    "Navbar.search": "Navbar.search",
                    "Navbar.userFavorites": "Navbar.userFavorites",
                    "Navbar.userResources": "Navbar.userResources",
                    "NotFoundPage.checkAddress": "NotFoundPage.checkAddress",
                    "NotFoundPage.contactUs": "NotFoundPage.contactUs",
                    "NotFoundPage.helpHeader": "NotFoundPage.helpHeader",
                    "NotFoundPage.lead": "NotFoundPage.lead",
                    "NotFoundPage.searchPage": "NotFoundPage.searchPage",
                    "NotFoundPage.searchPageLink": "NotFoundPage.searchPageLink",
                    "NotFoundPage.title": "NotFoundPage.title",
                    "Notifications.errorMessage": "Notifications.errorMessage",
                    "Notifications.loginMessage": "Notifications.loginMessage",
                    "Notifications.loginToReserve": "Notifications.loginToReserve",
                    "Notifications.reservationDeleteSuccessMessage": "Notifications.reservationDeleteSuccessMessage",
                    "Notifications.reservationUpdateSuccessMessage": "Notifications.reservationUpdateSuccessMessage",
                    "Notifications.selectTimeToReserve": "Notifications.selectTimeToReserve",
                    "Notifications.selectTimeToReserve.warning": "Notifications.selectTimeToReserve.warning",
                    "Partners.kaupunginkirjatoImageAlt": "Partners.kaupunginkirjatoImageAlt",
                    "Partners.nuorisoasiainkeskusImageAlt": "Partners.nuorisoasiainkeskusImageAlt",
                    "Partners.varhaiskasvatusvirastoImageAlt": "Partners.varhaiskasvatusvirastoImageAlt",
                    "PeopleCapacityControl.buttonLabel": "PeopleCapacityControl.buttonLabel",
                    "PeopleCapacityControl.header": "PeopleCapacityControl.header",
                    "PositionControl.buttonLabel": "PositionControl.buttonLabel",
                    "PositionControl.geolocationOff": "PositionControl.geolocationOff",
                    "PositionControl.header": "PositionControl.header",
                    "PositionControl.maxDistance": "PositionControl.maxDistance",
                    "PositionControl.noDistanceLimit": "PositionControl.noDistanceLimit",
                    "PositionControl.useDistance": "PositionControl.useDistance",
                    "PurposeControl.buttonLabel": "PurposeControl.buttonLabel",
                    "PurposeControl.label": "PurposeControl.label",
                    "RecurringReservationControls.frequencyDaily": "RecurringReservationControls.frequencyDaily",
                    "RecurringReservationControls.frequencyLabel": "RecurringReservationControls.frequencyLabel",
                    "RecurringReservationControls.frequencyMonthly": "RecurringReservationControls.frequencyMonthly",
                    "RecurringReservationControls.frequencyNone": "RecurringReservationControls.frequencyNone",
                    "RecurringReservationControls.frequencyWeekly": "RecurringReservationControls.frequencyWeekly",
                    "RecurringReservationControls.lastTimeLabel": "RecurringReservationControls.lastTimeLabel",
                    "RecurringReservationControls.numberOfOccurrencesLabel": "RecurringReservationControls.numberOfOccurrencesLabel",
                    "Reservation.stateLabelCancelled": "Reservation.stateLabelCancelled",
                    "Reservation.stateLabelConfirmed": "Reservation.stateLabelConfirmed",
                    "Reservation.stateLabelDenied": "Reservation.stateLabelDenied",
                    "Reservation.stateLabelRequested": "Reservation.stateLabelRequested",
                    "ReservationAccessCode.defaultText": "ReservationAccessCode.defaultText",
                    "ReservationAccessCode.pending": "ReservationAccessCode.pending",
                    "ReservationCalendar.selectedTime.infoText": "ReservationCalendar.selectedTime.infoText",
                    "ReservationCalendarPickerLegend.booked": "ReservationCalendarPickerLegend.booked",
                    "ReservationCalendarPickerLegend.busy": "ReservationCalendarPickerLegend.busy",
                    "ReservationCalendarPickerLegend.free": "ReservationCalendarPickerLegend.free",
                    "ReservationCancelModal.cancelAllowedCancel": "ReservationCancelModal.cancelAllowedCancel",
                    "ReservationCancelModal.cancelAllowedConfirm": "ReservationCancelModal.cancelAllowedConfirm",
                    "ReservationCancelModal.cancelAllowedTitle": "ReservationCancelModal.cancelAllowedTitle",
                    "ReservationCancelModal.cancelNotAllowedInfo": "ReservationCancelModal.cancelNotAllowedInfo",
                    "ReservationCancelModal.cancelNotAllowedTitle": "ReservationCancelModal.cancelNotAllowedTitle",
                    "ReservationCancelModal.lead": "ReservationCancelModal.lead",
                    "ReservationCancelModal.takeIntoAccount": "ReservationCancelModal.takeIntoAccount",
                    "ReservationConfirmation.confirmationText": "ReservationConfirmation.confirmationText",
                    "ReservationConfirmation.feedbackText": "ReservationConfirmation.feedbackText",
                    "ReservationConfirmation.ownReservationButton": "ReservationConfirmation.ownReservationButton",
                    "ReservationConfirmation.reservationCreatedTitle": "ReservationConfirmation.reservationCreatedTitle",
                    "ReservationConfirmation.reservationDetailsTitle": "ReservationConfirmation.reservationDetailsTitle",
                    "ReservationConfirmation.reservationEditedTitle": "ReservationConfirmation.reservationEditedTitle",
                    "ReservationConfirmation.resourceButton": "ReservationConfirmation.resourceButton",
                    "ReservationControls.cancel": "ReservationControls.cancel",
                    "ReservationControls.confirm": "ReservationControls.confirm",
                    "ReservationControls.deny": "ReservationControls.deny",
                    "ReservationControls.edit": "ReservationControls.edit",
                    "ReservationControls.info": "ReservationControls.info",
                    "ReservationEditForm.cancelEdit": "ReservationEditForm.cancelEdit",
                    "ReservationEditForm.saveChanges": "ReservationEditForm.saveChanges",
                    "ReservationEditForm.startEdit": "ReservationEditForm.startEdit",
                    "ReservationForm.cancel": "ReservationForm.cancel",
                    "ReservationForm.emailError": "ReservationForm.emailError",
                    "ReservationForm.eventSubjectInfo": "ReservationForm.eventSubjectInfo",
                    "ReservationForm.maxLengthError": "ReservationForm.maxLengthError",
                    "ReservationForm.requiredError": "ReservationForm.requiredError",
                    "ReservationForm.staffEventHelp": "ReservationForm.staffEventHelp",
                    "ReservationForm.staffEventLabel": "ReservationForm.staffEventLabel",
                    "ReservationForm.termsAndConditionsError": "ReservationForm.termsAndConditionsError",
                    "ReservationForm.termsAndConditionsHeader": "ReservationForm.termsAndConditionsHeader",
                    "ReservationForm.termsAndConditionsLabel": "ReservationForm.termsAndConditionsLabel",
                    "ReservationInfo.loginMessage": "ReservationInfo.loginMessage",
                    "ReservationInfo.maxNumberOfReservations": "ReservationInfo.maxNumberOfReservations",
                    "ReservationInfo.reservationEarliestDays": "ReservationInfo.reservationEarliestDays",
                    "ReservationInfo.reservationMaxLength": "ReservationInfo.reservationMaxLength",
                    "ReservationInfo.reservationMinLength": "ReservationInfo.reservationMinLength",
                    "ReservationInfoModal.cancelButton": "ReservationInfoModal.cancelButton",
                    "ReservationInfoModal.confirmButton": "ReservationInfoModal.confirmButton",
                    "ReservationInfoModal.denyButton": "ReservationInfoModal.denyButton",
                    "ReservationInfoModal.saveComment": "ReservationInfoModal.saveComment",
                    "ReservationInfoModal.title": "ReservationInfoModal.title",
                    "ReservationInformationForm.cancelEdit": "ReservationInformationForm.cancelEdit",
                    "ReservationInformationForm.eventInformationTitle": "ReservationInformationForm.eventInformationTitle",
                    "ReservationInformationForm.reserverInformationTitle": "ReservationInformationForm.reserverInformationTitle",
                    "ReservationInformationForm.termsAndConditionsLabel": "ReservationInformationForm.termsAndConditionsLabel",
                    "ReservationInformationForm.termsAndConditionsLink": "ReservationInformationForm.termsAndConditionsLink",
                    "ReservationListContainer.emptyMessage": "ReservationListContainer.emptyMessage",
                    "ReservationListItem.accessCodeText": "ReservationListItem.accessCodeText",
                    "ReservationPage.detailsTime": "ReservationPage.detailsTime",
                    "ReservationPage.detailsTitle": "ReservationPage.detailsTitle",
                    "ReservationPage.editReservationTitle": "ReservationPage.editReservationTitle",
                    "ReservationPage.newReservationTitle": "ReservationPage.newReservationTitle",
                    "ReservationPhase.confirmationTitle": "ReservationPhase.confirmationTitle",
                    "ReservationPhase.informationTitle": "ReservationPhase.informationTitle",
                    "ReservationPhase.timeTitle": "ReservationPhase.timeTitle",
                    "ReservationPopover.selectionInfoHeader": "ReservationPopover.selectionInfoHeader",
                    "ReservationSuccessModal.emailHelpText": "ReservationSuccessModal.emailHelpText",
                    "ReservationSuccessModal.failedReservationsHeader": "ReservationSuccessModal.failedReservationsHeader",
                    "ReservationSuccessModal.ownReservationsPageHelpText": "ReservationSuccessModal.ownReservationsPageHelpText",
                    "ReservationSuccessModal.preliminaryReservationInfo": "ReservationSuccessModal.preliminaryReservationInfo",
                    "ReservationSuccessModal.preliminaryReservationLead": "ReservationSuccessModal.preliminaryReservationLead",
                    "ReservationSuccessModal.preliminaryReservationTitle": "ReservationSuccessModal.preliminaryReservationTitle",
                    "ReservationSuccessModal.regularReservationLead": "ReservationSuccessModal.regularReservationLead",
                    "ReservationSuccessModal.regularReservationTitle": "ReservationSuccessModal.regularReservationTitle",
                    "ReservationSuccessModal.reservationAccessCodeText": "ReservationSuccessModal.reservationAccessCodeText",
                    "ReservationTermsModal.resourceTermsSubTitle": "ReservationTermsModal.resourceTermsSubTitle",
                    "ReservationTermsModal.resourceTermsTitle": "ReservationTermsModal.resourceTermsTitle",
                    "ReservingRestrictedText.reservationAvailableBetween": "ReservingRestrictedText.reservationAvailableBetween",
                    "ReservingRestrictedText.reservationRestricted": "ReservingRestrictedText.reservationRestricted",
                    "ResourceAvailability.available": "ResourceAvailability.available",
                    "ResourceAvailability.availableAt": "ResourceAvailability.availableAt",
                    "ResourceAvailability.availableTime": "ResourceAvailability.availableTime",
                    "ResourceAvailability.closed": "ResourceAvailability.closed",
                    "ResourceAvailability.reserved": "ResourceAvailability.reserved",
                    "ResourceAvailability.reservingRestricted": "ResourceAvailability.reservingRestricted",
                    "ResourceCard.peopleCapacity": "ResourceCard.peopleCapacity",
                    "ResourceEquipment.headingText": "ResourceEquipment.headingText",
                    "ResourceHeader.backButton": "ResourceHeader.backButton",
                    "ResourceHeader.favoriteAddButton": "ResourceHeader.favoriteAddButton",
                    "ResourceHeader.favoriteRemoveButton": "ResourceHeader.favoriteRemoveButton",
                    "ResourceHeader.mapButton": "ResourceHeader.mapButton",
                    "ResourceHeader.maxPeriodDays": "ResourceHeader.maxPeriodDays",
                    "ResourceHeader.maxPeriodHours": "ResourceHeader.maxPeriodHours",
                    "ResourceHeader.minPeriodDays": "ResourceHeader.minPeriodDays",
                    "ResourceHeader.minPeriodHours": "ResourceHeader.minPeriodHours",
                    "ResourceHeader.resourceButton": "ResourceHeader.resourceButton",
                    "ResourceIcons.free": "ResourceIcons.free",
                    "ResourceInfo.additionalInfoTitle": "ResourceInfo.additionalInfoTitle",
                    "ResourceInfo.equipmentHeader": "ResourceInfo.equipmentHeader",
                    "ResourceInfo.loginMessage": "ResourceInfo.loginMessage",
                    "ResourceInfo.reservationTitle": "ResourceInfo.reservationTitle",
                    "ResourceInfo.reserveTitle": "ResourceInfo.reserveTitle",
                    "ResourceInfo.serviceMapLink": "ResourceInfo.serviceMapLink",
                    "ResourceInfoContainer.unpublishedLabel": "ResourceInfoContainer.unpublishedLabel",
                    "ResourcePage.back": "ResourcePage.back",
                    "ResourcePage.reservationStatusHeader": "ResourcePage.reservationStatusHeader",
                    "ResourcePage.reserveHeader": "ResourcePage.reserveHeader",
                    "ResourcePage.showMap": "ResourcePage.showMap",
                    "ResourcePage.specificTerms": "ResourcePage.specificTerms",
                    "ResourceReservationCalendar.reserveButton": "ResourceReservationCalendar.reserveButton",
                    "ResourceReservationCalendar.selectedDateLabel": "ResourceReservationCalendar.selectedDateLabel",
                    "ResourceReservationCalendar.selectedDateValue": "ResourceReservationCalendar.selectedDateValue",
                    "ResourceReservationCalendar.selectedDateValueWithPrice": "ResourceReservationCalendar.selectedDateValueWithPrice",
                    "ResourceTypeFilter.title": "ResourceTypeFilter.title",
                    "SearchBox.buttonText": "SearchBox.buttonText",
                    "SearchBox.placeholder": "SearchBox.placeholder",
                    "SearchFilters.advancedSearch": "SearchFilters.advancedSearch",
                    "SearchFilters.chargeLabel": "SearchFilters.chargeLabel",
                    "SearchFilters.dateLabel": "SearchFilters.dateLabel",
                    "SearchFilters.municipalityLabel": "SearchFilters.municipalityLabel",
                    "SearchFilters.peopleCapacityLabel": "SearchFilters.peopleCapacityLabel",
                    "SearchFilters.purposeLabel": "SearchFilters.purposeLabel",
                    "SearchFilters.resetButton": "SearchFilters.resetButton",
                    "SearchFilters.searchButton": "SearchFilters.searchButton",
                    "SearchFilters.searchLabel": "SearchFilters.searchLabel",
                    "SearchFilters.title": "SearchFilters.title",
                    "SearchFilters.unitLabel": "SearchFilters.unitLabel",
                    "SearchPage.emptyMessage": "SearchPage.emptyMessage",
                    "SearchPage.title": "SearchPage.title",
                    "SearchSort.label": "SearchSort.label",
                    "SearchSort.nameLabel": "SearchSort.nameLabel",
                    "SearchSort.peopleLabel": "SearchSort.peopleLabel",
                    "SearchSort.premiseLabel": "SearchSort.premiseLabel",
                    "SearchSort.typeLabel": "SearchSort.typeLabel",
                    "SelectControl.noOptions": "SelectControl.noOptions",
                    "SelectFilter.noOptionsMessage": "SelectFilter.noOptionsMessage",
                    "ShowResourcesLink.text": "ShowResourcesLink.text",
                    "TestSiteMessage.text": "TestSiteMessage.text",
                    "TimeRangeControl.timeRangeTitle": "TimeRangeControl.timeRangeTitle",
                    "TimeRangeControl.title": "TimeRangeControl.title",
                    "TimeSlot.available": "TimeSlot.available",
                    "TimeSlot.editing": "TimeSlot.editing",
                    "TimeSlot.ownReservation": "TimeSlot.ownReservation",
                    "TimeSlot.reserved": "TimeSlot.reserved",
                    "TimeSlots.closedMessage": "TimeSlots.closedMessage",
                    "TimeSlots.comments": "TimeSlots.comments",
                    "TimeSlots.controls": "TimeSlots.controls",
                    "TimeSlots.maxReservationsPerUser": "TimeSlots.maxReservationsPerUser",
                    "TimeSlots.reservations": "TimeSlots.reservations",
                    "TimeSlots.reserveButton": "TimeSlots.reserveButton",
                    "TimeSlots.reserver": "TimeSlots.reserver",
                    "TimeSlots.selectedDate": "TimeSlots.selectedDate",
                    "TimeSlots.selectedTime": "TimeSlots.selectedTime",
                    "TimeSlots.time": "TimeSlots.time",
                    "UserReservationsPage.preliminaryEmptyMessage": "UserReservationsPage.preliminaryEmptyMessage",
                    "UserReservationsPage.preliminaryReservationsHeader": "UserReservationsPage.preliminaryReservationsHeader",
                    "UserReservationsPage.regularEmptyMessage": "UserReservationsPage.regularEmptyMessage",
                    "UserReservationsPage.regularReservationsHeader": "UserReservationsPage.regularReservationsHeader",
                    "UserReservationsPage.title": "UserReservationsPage.title",
                    "common.accessCodeLabel": "common.accessCodeLabel",
                    "common.addressCityLabel": "common.addressCityLabel",
                    "common.addressStreetLabel": "common.addressStreetLabel",
                    "common.addressZipLabel": "common.addressZipLabel",
                    "common.back": "common.back",
                    "common.billingAddressLabel": "common.billingAddressLabel",
                    "common.cancel": "common.cancel",
                    "common.cancelled": "common.cancelled",
                    "common.cancelling": "common.cancelling",
                    "common.comments": "common.comments",
                    "common.commentsLabel": "common.commentsLabel",
                    "common.commentsPlaceholder": "common.commentsPlaceholder",
                    "common.confirmed": "common.confirmed",
                    "common.continue": "common.continue",
                    "common.denied": "common.denied",
                    "common.eventDescriptionLabel": "common.eventDescriptionLabel",
                    "common.eventSubjectLabel": "common.eventSubjectLabel",
                    "common.next": "common.next",
                    "common.numberOfParticipantsLabel": "common.numberOfParticipantsLabel",
                    "common.ok": "common.ok",
                    "common.optionsAllLabel": "common.optionsAllLabel",
                    "common.previous": "common.previous",
                    "common.requested": "common.requested",
                    "common.reservationTimeLabel": "common.reservationTimeLabel",
                    "common.reserverAddressLabel": "common.reserverAddressLabel",
                    "common.reserverEmailAddressLabel": "common.reserverEmailAddressLabel",
                    "common.reserverIdLabel": "common.reserverIdLabel",
                    "common.reserverNameLabel": "common.reserverNameLabel",
                    "common.reserverPhoneNumberLabel": "common.reserverPhoneNumberLabel",
                    "common.resourceLabel": "common.resourceLabel",
                    "common.save": "common.save",
                    "common.saving": "common.saving",
                    "common.select": "common.select",
                    "common.userEmailLabel": "common.userEmailLabel",
                    "common.userNameLabel": "common.userNameLabel",
                  },
                  "now": [Function],
                  "onError": [Function],
                  "textComponent": "span",
                  "timeZone": null,
                }
              }
              label="foo"
              onChange={[MockFunction]}
              value={2019-09-08T21:00:00.000Z}
            />,
            "_firstWorkInProgressHook": null,
            "_forcedUpdate": false,
            "_instance": [Circular],
            "_isReRender": false,
            "_newState": null,
            "_numberOfReRenders": 0,
            "_previousComponentIdentity": null,
            "_renderPhaseUpdates": null,
            "_rendered": <div
              className="app-DateField"
            >
              <FormGroup
                bsClass="form-group"
                onClick={[Function]}
              >
                <ControlLabel
                  bsClass="control-label"
                  className="app-DateField__label"
                  srOnly={false}
                >
                  foo
                </ControlLabel>
                <InputGroup
                  bsClass="input-group"
                >
                  <InputGroupAddon
                    bsClass="input-group-addon"
                    className="app-DateField__input"
                  >
                    <img
                      alt=""
                      className="app-DateField__icon"
                      src="test-file-stub"
                    />
                    <span
                      className="value"
                    >
                      09.09.2019
                    </span>
                  </InputGroupAddon>
                  <InputGroupAddon
                    bsClass="input-group-addon"
                    className="app-DateField__triangle"
                  >
                    <Glyphicon
                      bsClass="glyphicon"
                      glyph="triangle-bottom"
                    />
                  </InputGroupAddon>
                </InputGroup>
              </FormGroup>
              <Overlay
                animation={false}
                container={[Circular]}
                onHide={[Function]}
                placement="bottom"
                rootClose={true}
                show={false}
              >
                <DatePickerWrapper>
                  <DayPicker
                    canChangeMonth={true}
                    captionElement={
                      <Caption
                        classNames={
                          Object {
                            "body": "DayPicker-Body",
                            "caption": "DayPicker-Caption",
                            "container": "DayPicker",
                            "day": "DayPicker-Day",
                            "disabled": "disabled",
                            "footer": "DayPicker-Footer",
                            "interactionDisabled": "DayPicker--interactionDisabled",
                            "month": "DayPicker-Month",
                            "months": "DayPicker-Months",
                            "navBar": "DayPicker-NavBar",
                            "navButtonInteractionDisabled": "DayPicker-NavButton--interactionDisabled",
                            "navButtonNext": "DayPicker-NavButton DayPicker-NavButton--next",
                            "navButtonPrev": "DayPicker-NavButton DayPicker-NavButton--prev",
                            "outside": "outside",
                            "selected": "selected",
                            "today": "today",
                            "todayButton": "DayPicker-TodayButton",
                            "week": "DayPicker-Week",
                            "weekNumber": "DayPicker-WeekNumber",
                            "weekday": "DayPicker-Weekday",
                            "weekdays": "DayPicker-Weekdays",
                            "weekdaysRow": "DayPicker-WeekdaysRow",
                            "wrapper": "DayPicker-wrapper",
                          }
                        }
                        localeUtils={
                          Object {
                            "formatDay": [Function],
                            "formatMonthTitle": [Function],
                            "formatWeekdayLong": [Function],
                            "formatWeekdayShort": [Function],
                            "getFirstDayOfWeek": [Function],
                            "getMonths": [Function],
                          }
                        }
                      />
                    }
                    classNames={
                      Object {
                        "body": "DayPicker-Body",
                        "caption": "DayPicker-Caption",
                        "container": "DayPicker",
                        "day": "DayPicker-Day",
                        "disabled": "disabled",
                        "footer": "DayPicker-Footer",
                        "interactionDisabled": "DayPicker--interactionDisabled",
                        "month": "DayPicker-Month",
                        "months": "DayPicker-Months",
                        "navBar": "DayPicker-NavBar",
                        "navButtonInteractionDisabled": "DayPicker-NavButton--interactionDisabled",
                        "navButtonNext": "DayPicker-NavButton DayPicker-NavButton--next",
                        "navButtonPrev": "DayPicker-NavButton DayPicker-NavButton--prev",
                        "outside": "outside",
                        "selected": "selected",
                        "today": "today",
                        "todayButton": "DayPicker-TodayButton",
                        "week": "DayPicker-Week",
                        "weekNumber": "DayPicker-WeekNumber",
                        "weekday": "DayPicker-Weekday",
                        "weekdays": "DayPicker-Weekdays",
                        "weekdaysRow": "DayPicker-WeekdaysRow",
                        "wrapper": "DayPicker-wrapper",
                      }
                    }
                    enableOutsideDaysClick={true}
                    fixedWeeks={false}
                    initialMonth={2019-09-08T21:00:00.000Z}
                    labels={
                      Object {
                        "nextMonth": "Next Month",
                        "previousMonth": "Previous Month",
                      }
                    }
                    locale="en"
                    localeUtils={
                      Object {
                        "formatDate": [Function],
                        "formatDay": [Function],
                        "formatMonthTitle": [Function],
                        "formatWeekdayLong": [Function],
                        "formatWeekdayShort": [Function],
                        "getFirstDayOfWeek": [Function],
                        "getMonths": [Function],
                        "parseDate": [Function],
                      }
                    }
                    navbarElement={
                      <Navbar
                        classNames={
                          Object {
                            "body": "DayPicker-Body",
                            "caption": "DayPicker-Caption",
                            "container": "DayPicker",
                            "day": "DayPicker-Day",
                            "disabled": "disabled",
                            "footer": "DayPicker-Footer",
                            "interactionDisabled": "DayPicker--interactionDisabled",
                            "month": "DayPicker-Month",
                            "months": "DayPicker-Months",
                            "navBar": "DayPicker-NavBar",
                            "navButtonInteractionDisabled": "DayPicker-NavButton--interactionDisabled",
                            "navButtonNext": "DayPicker-NavButton DayPicker-NavButton--next",
                            "navButtonPrev": "DayPicker-NavButton DayPicker-NavButton--prev",
                            "outside": "outside",
                            "selected": "selected",
                            "today": "today",
                            "todayButton": "DayPicker-TodayButton",
                            "week": "DayPicker-Week",
                            "weekNumber": "DayPicker-WeekNumber",
                            "weekday": "DayPicker-Weekday",
                            "weekdays": "DayPicker-Weekdays",
                            "weekdaysRow": "DayPicker-WeekdaysRow",
                            "wrapper": "DayPicker-wrapper",
                          }
                        }
                        dir="ltr"
                        labels={
                          Object {
                            "nextMonth": "Next Month",
                            "previousMonth": "Previous Month",
                          }
                        }
                        showNextButton={true}
                        showPreviousButton={true}
                      />
                    }
                    numberOfMonths={1}
                    onDayClick={[Function]}
                    pagedNavigation={false}
                    renderDay={[Function]}
                    renderWeek={[Function]}
                    reverseMonths={false}
                    selectedDays={2019-09-08T21:00:00.000Z}
                    showOutsideDays={true}
                    showWeekDays={true}
                    showWeekNumbers={true}
                    tabIndex={0}
                    weekdayElement={<Weekday />}
                  />
                </DatePickerWrapper>
              </Overlay>
            </div>,
            "_rendering": false,
            "_updater": [Circular],
            "_workInProgressHook": null,
          },
        },
      }
    }
    onHide={[Function]}
    placement="bottom"
    rootClose={true}
    show={false}
  >
    <DatePickerWrapper>
      <DayPicker
        canChangeMonth={true}
        captionElement={
          <Caption
            classNames={
              Object {
                "body": "DayPicker-Body",
                "caption": "DayPicker-Caption",
                "container": "DayPicker",
                "day": "DayPicker-Day",
                "disabled": "disabled",
                "footer": "DayPicker-Footer",
                "interactionDisabled": "DayPicker--interactionDisabled",
                "month": "DayPicker-Month",
                "months": "DayPicker-Months",
                "navBar": "DayPicker-NavBar",
                "navButtonInteractionDisabled": "DayPicker-NavButton--interactionDisabled",
                "navButtonNext": "DayPicker-NavButton DayPicker-NavButton--next",
                "navButtonPrev": "DayPicker-NavButton DayPicker-NavButton--prev",
                "outside": "outside",
                "selected": "selected",
                "today": "today",
                "todayButton": "DayPicker-TodayButton",
                "week": "DayPicker-Week",
                "weekNumber": "DayPicker-WeekNumber",
                "weekday": "DayPicker-Weekday",
                "weekdays": "DayPicker-Weekdays",
                "weekdaysRow": "DayPicker-WeekdaysRow",
                "wrapper": "DayPicker-wrapper",
              }
            }
            localeUtils={
              Object {
                "formatDay": [Function],
                "formatMonthTitle": [Function],
                "formatWeekdayLong": [Function],
                "formatWeekdayShort": [Function],
                "getFirstDayOfWeek": [Function],
                "getMonths": [Function],
              }
            }
          />
        }
        classNames={
          Object {
            "body": "DayPicker-Body",
            "caption": "DayPicker-Caption",
            "container": "DayPicker",
            "day": "DayPicker-Day",
            "disabled": "disabled",
            "footer": "DayPicker-Footer",
            "interactionDisabled": "DayPicker--interactionDisabled",
            "month": "DayPicker-Month",
            "months": "DayPicker-Months",
            "navBar": "DayPicker-NavBar",
            "navButtonInteractionDisabled": "DayPicker-NavButton--interactionDisabled",
            "navButtonNext": "DayPicker-NavButton DayPicker-NavButton--next",
            "navButtonPrev": "DayPicker-NavButton DayPicker-NavButton--prev",
            "outside": "outside",
            "selected": "selected",
            "today": "today",
            "todayButton": "DayPicker-TodayButton",
            "week": "DayPicker-Week",
            "weekNumber": "DayPicker-WeekNumber",
            "weekday": "DayPicker-Weekday",
            "weekdays": "DayPicker-Weekdays",
            "weekdaysRow": "DayPicker-WeekdaysRow",
            "wrapper": "DayPicker-wrapper",
          }
        }
        enableOutsideDaysClick={true}
        fixedWeeks={false}
        initialMonth={2019-09-08T21:00:00.000Z}
        labels={
          Object {
            "nextMonth": "Next Month",
            "previousMonth": "Previous Month",
          }
        }
        locale="en"
        localeUtils={
          Object {
            "formatDate": [Function],
            "formatDay": [Function],
            "formatMonthTitle": [Function],
            "formatWeekdayLong": [Function],
            "formatWeekdayShort": [Function],
            "getFirstDayOfWeek": [Function],
            "getMonths": [Function],
            "parseDate": [Function],
          }
        }
        navbarElement={
          <Navbar
            classNames={
              Object {
                "body": "DayPicker-Body",
                "caption": "DayPicker-Caption",
                "container": "DayPicker",
                "day": "DayPicker-Day",
                "disabled": "disabled",
                "footer": "DayPicker-Footer",
                "interactionDisabled": "DayPicker--interactionDisabled",
                "month": "DayPicker-Month",
                "months": "DayPicker-Months",
                "navBar": "DayPicker-NavBar",
                "navButtonInteractionDisabled": "DayPicker-NavButton--interactionDisabled",
                "navButtonNext": "DayPicker-NavButton DayPicker-NavButton--next",
                "navButtonPrev": "DayPicker-NavButton DayPicker-NavButton--prev",
                "outside": "outside",
                "selected": "selected",
                "today": "today",
                "todayButton": "DayPicker-TodayButton",
                "week": "DayPicker-Week",
                "weekNumber": "DayPicker-WeekNumber",
                "weekday": "DayPicker-Weekday",
                "weekdays": "DayPicker-Weekdays",
                "weekdaysRow": "DayPicker-WeekdaysRow",
                "wrapper": "DayPicker-wrapper",
              }
            }
            dir="ltr"
            labels={
              Object {
                "nextMonth": "Next Month",
                "previousMonth": "Previous Month",
              }
            }
            showNextButton={true}
            showPreviousButton={true}
          />
        }
        numberOfMonths={1}
        onDayClick={[Function]}
        pagedNavigation={false}
        renderDay={[Function]}
        renderWeek={[Function]}
        reverseMonths={false}
        selectedDays={2019-09-08T21:00:00.000Z}
        showOutsideDays={true}
        showWeekDays={true}
        showWeekNumbers={true}
        tabIndex={0}
        weekdayElement={<Weekday />}
      />
    </DatePickerWrapper>
  </Overlay>
</div>
`;
