// Jest Snapshot v1, https://goo.gl/fbAQLP

exports[`UserMarker renders correctly 1`] = `
<ForwardRef(Leaflet(Marker))
  icon={
    NewClass {
      "_initHooksCalled": true,
      "options": {
        "iconAnchor": [
          12,
          41,
        ],
        "iconRetinaUrl": "test-file-stub",
        "iconSize": [
          25,
          41,
        ],
        "iconUrl": "test-file-stub",
        "popupAnchor": [
          1,
          -34,
        ],
        "shadowSize": [
          41,
          41,
        ],
        "shadowUrl": "test-file-stub",
        "tooltipAnchor": [
          16,
          -28,
        ],
      },
    }
  }
  position={
    [
      60.20843,
      24.975634,
    ]
  }
/>
`;
