// Jest Snapshot v1, https://goo.gl/fbAQLP

exports[`ResourceCard renders correctly 1`] = `
<div
  className="app-resourceCard"
>
  <Link
    className="app-resourceCard__image-link"
    replace={false}
    to={
      Object {
        "pathname": "/resources/r-1",
        "search": "date=30-07-2019",
        "state": Object {
          "fromSearchResults": true,
        },
      }
    }
  >
    <BackgroundImage
      height={420}
      image={Object {}}
      width={700}
    />
  </Link>
  <div
    className="app-resourceCard__content"
  >
    <div
      className="app-resourceCard__unit-name"
    >
      <a
        className="app-resourceCard__unit-name-link"
        onClick={[Function]}
        role="button"
        tabIndex="-1"
      >
        <span />
      </a>
      <div
        className="app-resourceCard__unit-name-labels"
      >
        <InjectT(ResourceAvailability)
          date="30-07-2019"
          resource={
            Object {
              "availableHours": Array [],
              "equipment": Array [],
              "id": "r-1",
              "isFavorite": false,
              "name": "Resource-1",
              "needManualConfirmation": false,
              "openingHours": Array [],
              "products": Array [],
              "public": true,
              "requiredReservationExtraFields": Array [],
              "reservable": true,
              "reservableAfter": null,
              "slotSize": "00:30:00",
              "supportedReservationExtraFields": Array [],
              "unit": "u-1",
              "userPermissions": Object {
                "canMakeReservations": true,
                "isAdmin": false,
              },
            }
          }
        />
      </div>
    </div>
    <Link
      replace={false}
      to={
        Object {
          "pathname": "/resources/r-1",
          "search": "date=30-07-2019",
          "state": Object {
            "fromSearchResults": true,
          },
        }
      }
    >
      <h4 />
    </Link>
    <div
      className="app-resourceCard__description"
    />
  </div>
  <div
    className="app-resourceCard__info"
  >
    <ResourceCardInfoCell
      icon="test-file-stub"
      onClick={null}
      text="-"
    />
    <ResourceCardInfoCell
      icon="test-file-stub"
      onClick={[Function]}
      text="ResourceIcons.free"
    />
    <ResourceCardInfoCell
      icon="test-file-stub"
      text="null"
    />
  </div>
</div>
`;
